// Jest Snapshot v1, https://goo.gl/fbAQLP

exports[`Divider SHOULD render correctly 1`] = `
<span
  className="divider"
>
   / 
</span>
`;
